============================================================
SUBSET CREATION  (seed=42)
============================================================

[1] Loading ground truth and Source 1 ...
  GT rows : 2,206,821
  S1 rows : 2,206,821

[2] Classifying S1 entities ...
  Matched S1 entities   : 2,083,574
  Unmatched S1 entities : 123,247

[3] Sampled 10,000 matched + 10,000 unmatched S1 entities
  S1 subset : 20,000 rows
  GT subset : 20,000 rows

[4] Collecting required target IDs from GT ...
  Required S2 target IDs : 17,642
  Required S3 target IDs : 18,924

[5] Building Source 2 subset ...
  Source 2: 17,642 required + 82,358 extra = 100,000 total

[6] Building Source 3 subset ...
  Source 3: 18,924 required + 81,076 extra = 100,000 total

[7] Saving subset files ...
  Saved: data/subset/train_source1_subset.tsv  (20,000 rows)
  Saved: data/subset/train_source2_subset.tsv  (100,000 rows)
  Saved: data/subset/train_source3_subset.tsv  (100,000 rows)
  Saved: data/subset/train_ground_truth_subset.tsv  (20,000 rows)

  Saved: outputs/subset/subset_statistics.md

✅ Subset creation complete in 16.1s
# Subset Statistics
Generated with seed=42

| Dataset | Rows | Notes |
|---------|------|-------|
| Source 1 | 20,000 | 10,000 with matches + 10,000 without |
| Source 2 | 100,000 | 17,642 required GT targets + extras |
| Source 3 | 100,000 | 18,924 required GT targets + extras |
| Ground Truth | 20,000 | Matches only for selected S1 entities |

## Ground Truth Pair Counts (in subset)
- S1 → S2 GT pairs: 17,642
- S1 → S3 GT pairs: 18,924
- S1 matched entities: 10,000
- S1 unmatched entities: 10,000

## Coverage Check
- Required S2 targets in subset: 17,642 / 17,642 ✅
- Required S3 targets in subset: 18,924 / 18,924 ✅

Elapsed: 16.1s

