
=================================================================
  END-TO-END ENTITY RESOLUTION FAST PIPELINE
=================================================================

[   0.0s] Loading Source 1 (subset) from data/subset/train_source1_subset.tsv ...
         → 20,000 rows
[   0.0s] Loading Source 2 (subset) from data/subset/train_source2_subset.tsv ...
         → 100,000 rows
[   0.1s] Loading Source 3 (subset) from data/subset/train_source3_subset.tsv ...
         → 100,000 rows
[   0.2s] Loading Ground Truth (subset) from data/subset/train_ground_truth_subset.tsv ...
         → 20,000 rows

[   0.2s] Preprocessing ...
         Done in 0.6s
         GT → S2: 17,642 pairs  S3: 18,924 pairs

[   1.0s] ── Building indexes for S1→S2 ──
  Building exact-name index ...
  Building 2-token index ...
  Building character 3-gram index ...
  Indexes built in 0.7s

[   1.7s] [Strategy 1] S1→S2 ...
  → Pairs=5,460  PairRecall=21.03%  CompRecall=10.61%

[   1.7s] [Strategy 2] S1→S2 ...
  → Pairs=118,854  PairRecall=56.22%  CompRecall=40.1%

[   1.8s] [Strategy 4] S1→S2 char 3-gram ...
  → Pairs=3,997,197  PairRecall=85.81%  CompRecall=79.48%

[  16.6s] [Union S1∪S2∪S4] S1→S2 ...
  → Pairs=4,062,337  PairRecall=86.46%  CompRecall=80.21%

[  31.7s] ── Building indexes for S1→S3 ──
  Building exact-name index ...
  Building 2-token index ...
  Building character 3-gram index ...
  Indexes built in 0.8s

[  32.5s] [Strategy 1] S1→S3 ...
  → Pairs=6,126  PairRecall=22.55%  CompRecall=11.22%

[  32.6s] [Strategy 2] S1→S3 ...
  → Pairs=113,746  PairRecall=55.13%  CompRecall=36.9%

[  32.6s] [Strategy 4] S1→S3 char 3-gram ...
  → Pairs=3,997,398  PairRecall=87.12%  CompRecall=80.15%

[  47.8s] [Union S1∪S2∪S4] S1→S3 ...
  → Pairs=4,061,058  PairRecall=88.7%  CompRecall=81.76%

[  63.6s] Saved outputs/reports/blocking_comparison.csv

[  63.6s] ── Feature Engineering: S1→S2 ──
  Features: 4,062,337 candidate pairs  (15,254 positives)

[ 151.4s] ── Training Model: S1→S2 ──
  Train: 3,250,606 pairs (12,197 pos)  Val: 811,731 pairs (3,057 pos)
  Best threshold: 0.8  F1=0.6963  P=0.5391  R=0.9827
  Val pair recall=98.27%  complete entity recall=96.81%

[ 157.0s] ── Feature Engineering: S1→S3 ──
  Features: 4,061,058 candidate pairs  (16,785 positives)

[ 242.4s] ── Training Model: S1→S3 ──
  Train: 3,249,516 pairs (13,441 pos)  Val: 811,542 pairs (3,344 pos)
  Best threshold: 0.8  F1=0.6902  P=0.5317  R=0.9836
  Val pair recall=98.36%  complete entity recall=96.87%

[ 246.8s] Saved outputs/reports/model_results.csv
[ 251.1s] Saved outputs/predictions/subset_predictions.csv  (1,623,273 rows)

====================================================================================================
  FINAL RESULTS TABLE
====================================================================================================
Strategy                            Target     Cand Pairs  Pair Rec%   CompRec%   AvgCands   P95Cands  Time(s)
----------------------------------------------------------------------------------------------------
Strategy 1: Exact Name              S1→S2            5460      21.03      10.61       0.27        2.0      0.0
Strategy 2: 2-Token                 S1→S2          118854      56.22       40.1       5.94       11.0      0.0
Strategy 4: 3-gram                  S1→S2         3997197      85.81      79.48     199.86      200.0     14.8
Union: S1∪S2∪S4                     S1→S2         4062337      86.46      80.21     203.12      204.0     14.9
Strategy 1: Exact Name              S1→S3            6126      22.55      11.22       0.31        2.0      0.0
Strategy 2: 2-Token                 S1→S3          113746      55.13       36.9       5.69       11.0      0.0
Strategy 4: 3-gram                  S1→S3         3997398      87.12      80.15     199.87      200.0     15.1
Union: S1∪S2∪S4                     S1→S3         4061058       88.7      81.76     203.05      204.0     15.5
LogReg (thresh=0.8)                 S1→S2    (validation set)      98.27      96.81          -          -        -
LogReg (thresh=0.8)                 S1→S3    (validation set)      98.36      96.87          -          -        -
====================================================================================================

Total pipeline time: 251.1s
Traceback (most recent call last):
  File "/Library/Frameworks/Python.framework/Versions/3.14/lib/python3.14/site-packages/pandas/compat/_optional.py", line 158, in import_optional_dependency
    module = importlib.import_module(name)
  File "/Library/Frameworks/Python.framework/Versions/3.14/lib/python3.14/importlib/__init__.py", line 88, in import_module
    return _bootstrap._gcd_import(name[level:], package, level)
           ~~~~~~~~~~~~~~~~~~~~~~^^^^^^^^^^^^^^^^^^^^^^^^^^^^^^
  File "<frozen importlib._bootstrap>", line 1398, in _gcd_import
  File "<frozen importlib._bootstrap>", line 1371, in _find_and_load
  File "<frozen importlib._bootstrap>", line 1335, in _find_and_load_unlocked
ModuleNotFoundError: No module named 'tabulate'

The above exception was the direct cause of the following exception:

Traceback (most recent call last):
  File "/Users/shriyaagarwal/Desktop/untitled folder/scripts/run_fast_pipeline.py", line 643, in <module>
    main()
    ~~~~^^
  File "/Users/shriyaagarwal/Desktop/untitled folder/scripts/run_fast_pipeline.py", line 618, in main
    report_md += model_df_md.to_markdown(index=False)
                 ~~~~~~~~~~~~~~~~~~~~~~~^^^^^^^^^^^^^
  File "/Library/Frameworks/Python.framework/Versions/3.14/lib/python3.14/site-packages/pandas/core/frame.py", line 2983, in to_markdown
    tabulate = import_optional_dependency("tabulate")
  File "/Library/Frameworks/Python.framework/Versions/3.14/lib/python3.14/site-packages/pandas/compat/_optional.py", line 161, in import_optional_dependency
    raise ImportError(msg) from err
ImportError: `Import tabulate` failed.  Use pip or conda to install the tabulate package.
